2026-02-04T03:04:35:   ✓ Monitoring service started (checks every 30s)
2026-02-04T03:04:35: 
2026-02-04T03:04:35:   ╔═══════════════════════════════════════════════════════════╗
2026-02-04T03:04:35:   ║                                                           ║
2026-02-04T03:04:35:   ║   __  __ __  __    _    ____ _____ ____  _   _    _    ____║
2026-02-04T03:04:35:   ║   \ \/ /|  \/  |  / \  |  _ \_   _/ ___|| | | |  / \  |  _ \
2026-02-04T03:04:35:   ║    \  / | |\/| | / _ \ | |_) || || |  _ | | | | / _ \ | |_) |
2026-02-04T03:04:35:   ║    /  \ | |  | |/ ___ \|  _ < | || |_| || |_| |/ ___ \|  _ < 
2026-02-04T03:04:35:   ║   /_/\_\|_|  |_/_/   \_\_| \_\|_| \____| \___/_/   \_\_| \_\
2026-02-04T03:04:35:   ║                                                           ║
2026-02-04T03:04:35:   ║              Server Monitoring Platform v1.0              ║
2026-02-04T03:04:35:   ╠═══════════════════════════════════════════════════════════╣
2026-02-04T03:04:35:   ║  Port    : 3000                                          ║
2026-02-04T03:04:35:   ║  Mode    : production                                  ║
2026-02-04T03:04:35:   ╚═══════════════════════════════════════════════════════════╝
2026-02-04T03:04:35: 
2026-02-04T03:04:36:   ✓ MongoDB connected
2026-02-04T03:04:36:   ✓ Default admin created
2026-02-04T03:04:36:   ✓ Default plans created
2026-02-04T03:04:36:   ✓ Default settings created
2026-02-04T03:04:36:   ✓ App initialization complete
2026-02-04T03:06:49:   ✓ Monitoring service started (checks every 30s)
2026-02-04T03:06:49: 
2026-02-04T03:06:49:   ╔═══════════════════════════════════════════════════════════╗
2026-02-04T03:06:49:   ║                                                           ║
2026-02-04T03:06:49:   ║   __  __ __  __    _    ____ _____ ____  _   _    _    ____║
2026-02-04T03:06:49:   ║   \ \/ /|  \/  |  / \  |  _ \_   _/ ___|| | | |  / \  |  _ \
2026-02-04T03:06:49:   ║    \  / | |\/| | / _ \ | |_) || || |  _ | | | | / _ \ | |_) |
2026-02-04T03:06:49:   ║    /  \ | |  | |/ ___ \|  _ < | || |_| || |_| |/ ___ \|  _ < 
2026-02-04T03:06:49:   ║   /_/\_\|_|  |_/_/   \_\_| \_\|_| \____| \___/_/   \_\_| \_\
2026-02-04T03:06:49:   ║                                                           ║
2026-02-04T03:06:49:   ║              Server Monitoring Platform v1.0              ║
2026-02-04T03:06:49:   ╠═══════════════════════════════════════════════════════════╣
2026-02-04T03:06:49:   ║  Port    : 3000                                          ║
2026-02-04T03:06:49:   ║  Mode    : production                                  ║
2026-02-04T03:06:49:   ╚═══════════════════════════════════════════════════════════╝
2026-02-04T03:06:49: 
2026-02-04T03:06:49:   ✓ MongoDB connected
2026-02-04T03:06:49:   ✓ App initialization complete
